Microchip MPLAB XC8 Compiler V1.34 ()

Linker command line:

-W-3 --edf=C:\Program Files (x86)\Microchip\xc8\v1.34\dat\en_msgs.txt -cs \
  -h+dist/default/production\Final_Lab.X.production.sym \
  --cmf=dist/default/production\Final_Lab.X.production.cmf -z -Q18F4620 \
  -oC:\Users\thefr\AppData\Local\Temp\smis.6 \
  -Mdist/default/production/Final_Lab.X.production.map -E1 -ver=XC8 \
  -ASTACK=0196h-0f7fh -pstack=STACK -ACODE=00h-0FFFFh -ACONST=00h-0FFFFh \
  -ASMALLCONST=01000h-010FFhx240 -AMEDIUMCONST=01000h-0FFFFh \
  -ACOMRAM=01h-07Fh -AABS1=00h-0F7Fh -ABIGRAM=01h-0F7Fh \
  -ARAM=080h-0FFh,0100h-01FFhx14,0F00h-0F7Fh -ABANK0=080h-0FFh \
  -ABANK1=0100h-01FFh -ABANK2=0200h-02FFh -ABANK3=0300h-03FFh \
  -ABANK4=0400h-04FFh -ABANK5=0500h-05FFh -ABANK6=0600h-06FFh \
  -ABANK7=0700h-07FFh -ABANK8=0800h-08FFh -ABANK9=0900h-09FFh \
  -ABANK10=0A00h-0AFFh -ABANK11=0B00h-0BFFh -ABANK12=0C00h-0CFFh \
  -ABANK13=0D00h-0DFFh -ABANK14=0E00h-0EFFh -ABANK15=0F00h-0F7Fh \
  -ASFR=0F80h-0FFFh \
  -preset_vec=00h,intcode=08h,intcodelo,powerup,init,end_init \
  -pramtop=01000h -psmallconst=SMALLCONST -pmediumconst=MEDIUMCONST \
  -pconst=CONST -AFARRAM=00h-00h -ACONFIG=0300000h-030000Dh -pconfig=CONFIG \
  -AIDLOC=0200000h-0200007h -pidloc=IDLOC -AEEDATA=0F00000h-0F003FFh \
  -peeprom_data=EEDATA \
  -prdata=COMRAM,nvrram=COMRAM,nvbit=COMRAM,rbss=COMRAM,rbit=COMRAM \
  -pfarbss=FARRAM,fardata=FARRAM,nvFARRAM=FARRAM \
  -pintsave_regs=BIGRAM,bigbss=BIGRAM,bigdata=BIGRAM -pbss=RAM \
  -pidata=CODE,irdata=CODE,ibigdata=CODE,ifardata=CODE -prparam=COMRAM \
  C:\Users\thefr\AppData\Local\Temp\smis.obj \
  dist/default/production\Final_Lab.X.production.obj 

Object code version is 3.11

Machine type is 18F4620

Call graph: (short form)




                Name                               Link     Load   Length Selector   Space Scale
C:\Users\thefr\AppData\Local\Temp\smis.obj
                end_init                             18       18        4        4       0
                reset_vec                             0        0        4        0       0
                idloc                            200000   200000        8   200000       0
                config                           300000   300000        E   300000       0
dist/default/production\Final_Lab.X.production.obj
                intcode                               8        8       10        4       0
                mediumconst                        FC32     FC32      3CE     7E19       0
                text133                            55E2     55E2        A     2912       0
                text132                            2876     2876      19C        4       0
                text131                            55D8     55D8        A     2912       0
                text130                            55CE     55CE        A     2912       0
                text129                            5566     5566        E     2912       0
                intcode_body                       4498     4498       90        4       0
                text127                            55A4     55A4        C     2912       0
                text126                            55FC     55FC        8     2912       0
                text125                            55F4     55F4        8     2912       0
                text124                            55C4     55C4        A     2912       0
                text123                            5416     5416       16     2912       0
                text122                            54E8     54E8       12     2912       0
                text121                            55BA     55BA        A     2912       0
                text120                            4E3A     4E3A       48        4       0
                text119                            54D6     54D6       12     2912       0
                text118                            54C4     54C4       12     2912       0
                text117                            4F80     4F80       3E        4       0
                text116                            4FFA     4FFA       3C        4       0
                text115                            4896     4896       6A        4       0
                text114                            53E4     53E4       1A     2912       0
                text113                            5306     5306       20     2912       0
                text112                            5326     5326       1E     2912       0
                text111                            55B0     55B0        A     2912       0
                text110                            5558     5558        E     2912       0
                text109                            5598     5598        C     2912       0
                text108                            51DC     51DC       24        4       0
                text107                            4826     4826       70        4       0
                text106                            5468     5468       14     2912       0
                text105                            4966     4966       66        4       0
                text104                            5120     5120       28        4       0
                text103                            5454     5454       14     2912       0
                text102                            553A     553A       10     2912       0
                text101                            552A     552A       10     2912       0
                text100                            4C0E     4C0E       56        4       0
                text99                             509A     509A       30        4       0
                text98                             45B4     45B4       88        4       0
                text97                             4DF0     4DF0       4A        4       0
                text96                             2B96     2B96      156        4       0
                text95                             4F42     4F42       3E        4       0
                text94                             3C10     3C10       E2        4       0
                text93                             4402     4402       96        4       0
                text92                             51B8     51B8       24        4       0
                text91                             3EA0     3EA0       C6        4       0
                text90                             2196     2196      1C4        4       0
                text89                             4E82     4E82       44        4       0
                text88                             3A48     3A48       E6        4       0
                text87                             4528     4528       8C        4       0
                text86                             47B6     47B6       70        4       0
                text85                             4B56     4B56       60        4       0
                text84                             347E     347E      10A        4       0
                text83                             3154     3154      110        4       0
                text82                             436C     436C       96        4       0
                text81                             463C     463C       82        4       0
                text80                             3682     3682       F8        4       0
                text79                             1F52     1F52      244        4       0
                text78                             5224     5224       22     2912       0
                text77                             554A     554A        E     2912       0
                text76                             1284     1284      3E0        4       0
                text75                               1C       1C      C44        4       0
                text74                             395E     395E       EA        4       0
                text73                             4AF4     4AF4       62        4       0
                text72                             54B2     54B2       12     2912       0
                text71                             55EC     55EC        8     2912       0
                text70                             52E6     52E6       20     2912       0
                text69                             3B2E     3B2E       E2        4       0
                text68                             516E     516E       26        4       0
                text67                             40DE     40DE       B6        4       0
                text66                             53CA     53CA       1A     2912       0
                text65                             54A0     54A0       12     2912       0
                text64                             53B0     53B0       1A     2912       0
                text63                             4D5A     4D5A       4C        4       0
                text62                             4900     4900       66        4       0
                text61                             4BB6     4BB6       58        4       0
                text60                             473A     473A       7C        4       0
                text59                             4D08     4D08       52        4       0
                text58                             548E     548E       12     2912       0
                text57                             3044     3044      110        4       0
                text56                             4F04     4F04       3E        4       0
                text55                             386C     386C       F2        4       0
                text54                             50CA     50CA       2C        4       0
                text53                             26C8     26C8      1AE        4       0
                text52                             3CF2     3CF2       DC        4       0
                text51                             5360     5360       1C     2912       0
                text50                             5068     5068       32        4       0
                text49                             1664     1664      380        4       0
                text48                             53FE     53FE       18     2912       0
                text47                             551A     551A       10     2912       0
                text46                             235A     235A      1BA        4       0
                text45                             52C6     52C6       20     2912       0
                text44                             2514     2514      1B4        4       0
                text43                             52A6     52A6       20     2912       0
                text42                             4A92     4A92       62        4       0
                text41                             3DCE     3DCE       D2        4       0
                text40                             50F6     50F6       2A        4       0
                text39                             547C     547C       12     2912       0
                text38                             3F66     3F66       C0        4       0
                text37                             3588     3588       FA        4       0
                text36                             2A12     2A12      184        4       0
                text35                             2CEC     2CEC      124        4       0
                text34                             42D6     42D6       96        4       0
                text33                             5440     5440       14     2912       0
                text32                             550A     550A       10     2912       0
                text31                             5286     5286       20     2912       0
                text30                             5266     5266       20     2912       0
                text29                             2F2C     2F2C      118        4       0
                text28                             3372     3372      10C        4       0
                text27                             3264     3264      10E        4       0
                text26                             558C     558C        C     2912       0
                text25                             5194     5194       24        4       0
                text24                             5580     5580        C     2912       0
                text23                             4DA6     4DA6       4A        4       0
                text22                             4240     4240       96        4       0
                text21                             5396     5396       1A     2912       0
                text20                             542C     542C       14     2912       0
                text19                             54FA     54FA       10     2912       0
                text18                             537C     537C       1A     2912       0
                text17                             377A     377A       F2        4       0
                text16                             4194     4194       AC        4       0
                text15                             5344     5344       1C     2912       0
                text14                             5604     5604        6     2912       0
                text13                              C60      C60      624        4       0
                text12                             4EC6     4EC6       3E        4       0
                text11                             1CCC     1CCC      286        4       0
                text10                             5036     5036       32        4       0
                text9                              5246     5246       20     2912       0
                text8                              4026     4026       B8        4       0
                text7                              4CB6     4CB6       52        4       0
                text6                              4C64     4C64       52        4       0
                text5                              5574     5574        C     2912       0
                text4                              4FBE     4FBE       3C        4       0
                text3                              5148     5148       26        4       0
                text2                              49CC     49CC       64        4       0
                text1                              2E10     2E10      11C        4       0
                text0                              19E4     19E4      2E8        4       0
                cstackCOMRAM                          1        1       5F        1       1
                cstackBANK0                          D9       D9       1B       80       1
                cstackBANK1                         17C      17C       1A      100       1
                dataBANK1                           100      100       7C      100       1
                dataBANK0                            B6       B6       23       80       1
                bssBANK0                             80       80       36       80       1
                bssCOMRAM                            60       60       10        1       1
                cinit                              4A30     4A30       62        4       0
                idataBANK1                         46BE     46BE       7C        4       0
                idataBANK0                         5200     5200       23        4       0

TOTAL           Name                               Link     Load   Length     Space
        CLASS   STACK          

        CLASS   CODE           
                end_init                             18       18        4         0
                intcode                               8        8       10         0
                reset_vec                             0        0        4         0
                text133                            55E2     55E2        A         0
                text132                            2876     2876      19C         0
                text131                            55D8     55D8        A         0
                text130                            55CE     55CE        A         0
                text129                            5566     5566        E         0
                intcode_body                       4498     4498       90         0
                text127                            55A4     55A4        C         0
                text126                            55FC     55FC        8         0
                text125                            55F4     55F4        8         0
                text124                            55C4     55C4        A         0
                text123                            5416     5416       16         0
                text122                            54E8     54E8       12         0
                text121                            55BA     55BA        A         0
                text120                            4E3A     4E3A       48         0
                text119                            54D6     54D6       12         0
                text118                            54C4     54C4       12         0
                text117                            4F80     4F80       3E         0
                text116                            4FFA     4FFA       3C         0
                text115                            4896     4896       6A         0
                text114                            53E4     53E4       1A         0
                text113                            5306     5306       20         0
                text112                            5326     5326       1E         0
                text111                            55B0     55B0        A         0
                text110                            5558     5558        E         0
                text109                            5598     5598        C         0
                text108                            51DC     51DC       24         0
                text107                            4826     4826       70         0
                text106                            5468     5468       14         0
                text105                            4966     4966       66         0
                text104                            5120     5120       28         0
                text103                            5454     5454       14         0
                text102                            553A     553A       10         0
                text101                            552A     552A       10         0
                text100                            4C0E     4C0E       56         0
                text99                             509A     509A       30         0
                text98                             45B4     45B4       88         0
                text97                             4DF0     4DF0       4A         0
                text96                             2B96     2B96      156         0
                text95                             4F42     4F42       3E         0
                text94                             3C10     3C10       E2         0
                text93                             4402     4402       96         0
                text92                             51B8     51B8       24         0
                text91                             3EA0     3EA0       C6         0
                text90                             2196     2196      1C4         0
                text89                             4E82     4E82       44         0
                text88                             3A48     3A48       E6         0
                text87                             4528     4528       8C         0
                text86                             47B6     47B6       70         0
                text85                             4B56     4B56       60         0
                text84                             347E     347E      10A         0
                text83                             3154     3154      110         0
                text82                             436C     436C       96         0
                text81                             463C     463C       82         0
                text80                             3682     3682       F8         0
                text79                             1F52     1F52      244         0
                text78                             5224     5224       22         0
                text77                             554A     554A        E         0
                text76                             1284     1284      3E0         0
                text75                               1C       1C      C44         0
                text74                             395E     395E       EA         0
                text73                             4AF4     4AF4       62         0
                text72                             54B2     54B2       12         0
                text71                             55EC     55EC        8         0
                text70                             52E6     52E6       20         0
                text69                             3B2E     3B2E       E2         0
                text68                             516E     516E       26         0
                text67                             40DE     40DE       B6         0
                text66                             53CA     53CA       1A         0
                text65                             54A0     54A0       12         0
                text64                             53B0     53B0       1A         0
                text63                             4D5A     4D5A       4C         0
                text62                             4900     4900       66         0
                text61                             4BB6     4BB6       58         0
                text60                             473A     473A       7C         0
                text59                             4D08     4D08       52         0
                text58                             548E     548E       12         0
                text57                             3044     3044      110         0
                text56                             4F04     4F04       3E         0
                text55                             386C     386C       F2         0
                text54                             50CA     50CA       2C         0
                text53                             26C8     26C8      1AE         0
                text52                             3CF2     3CF2       DC         0
                text51                             5360     5360       1C         0
                text50                             5068     5068       32         0
                text49                             1664     1664      380         0
                text48                             53FE     53FE       18         0
                text47                             551A     551A       10         0
                text46                             235A     235A      1BA         0
                text45                             52C6     52C6       20         0
                text44                             2514     2514      1B4         0
                text43                             52A6     52A6       20         0
                text42                             4A92     4A92       62         0
                text41                             3DCE     3DCE       D2         0
                text40                             50F6     50F6       2A         0
                text39                             547C     547C       12         0
                text38                             3F66     3F66       C0         0
                text37                             3588     3588       FA         0
                text36                             2A12     2A12      184         0
                text35                             2CEC     2CEC      124         0
                text34                             42D6     42D6       96         0
                text33                             5440     5440       14         0
                text32                             550A     550A       10         0
                text31                             5286     5286       20         0
                text30                             5266     5266       20         0
                text29                             2F2C     2F2C      118         0
                text28                             3372     3372      10C         0
                text27                             3264     3264      10E         0
                text26                             558C     558C        C         0
                text25                             5194     5194       24         0
                text24                             5580     5580        C         0
                text23                             4DA6     4DA6       4A         0
                text22                             4240     4240       96         0
                text21                             5396     5396       1A         0
                text20                             542C     542C       14         0
                text19                             54FA     54FA       10         0
                text18                             537C     537C       1A         0
                text17                             377A     377A       F2         0
                text16                             4194     4194       AC         0
                text15                             5344     5344       1C         0
                text14                             5604     5604        6         0
                text13                              C60      C60      624         0
                text12                             4EC6     4EC6       3E         0
                text11                             1CCC     1CCC      286         0
                text10                             5036     5036       32         0
                text9                              5246     5246       20         0
                text8                              4026     4026       B8         0
                text7                              4CB6     4CB6       52         0
                text6                              4C64     4C64       52         0
                text5                              5574     5574        C         0
                text4                              4FBE     4FBE       3C         0
                text3                              5148     5148       26         0
                text2                              49CC     49CC       64         0
                text1                              2E10     2E10      11C         0
                text0                              19E4     19E4      2E8         0
                cinit                              4A30     4A30       62         0
                idataBANK1                         46BE     46BE       7C         0
                idataBANK0                         5200     5200       23         0

        CLASS   CONST          

        CLASS   SMALLCONST     

        CLASS   MEDIUMCONST    
                mediumconst                        FC32     FC32      3CE         0

        CLASS   COMRAM         
                cstackCOMRAM                          1        1       5F         1
                bssCOMRAM                            60       60       10         1

        CLASS   ABS1           

        CLASS   BIGRAM         

        CLASS   RAM            

        CLASS   BANK0          
                cstackBANK0                          D9       D9       1B         1
                dataBANK0                            B6       B6       23         1
                bssBANK0                             80       80       36         1

        CLASS   BANK1          
                cstackBANK1                         17C      17C       1A         1
                dataBANK1                           100      100       7C         1

        CLASS   BANK2          

        CLASS   BANK3          

        CLASS   BANK4          

        CLASS   BANK5          

        CLASS   BANK6          

        CLASS   BANK7          

        CLASS   BANK8          

        CLASS   BANK9          

        CLASS   BANK10         

        CLASS   BANK11         

        CLASS   BANK12         

        CLASS   BANK13         

        CLASS   BANK14         

        CLASS   BANK15         

        CLASS   SFR            

        CLASS   FARRAM         

        CLASS   CONFIG         
                config                           300000   300000        E         0

        CLASS   IDLOC          
                idloc                            200000   200000        8         0

        CLASS   EEDATA         



SEGMENTS        Name                           Load    Length   Top    Selector   Space  Class

                reset_vec                      000000  000004  000004         0       0  CODE    
                cstackCOMRAM                   000001  00006F  000070         1       1  COMRAM  
                intcode                        000008  00521B  005223         4       0  CODE    
                bssBANK0                       000080  000074  0000F4        80       1  BANK0   
                dataBANK1                      000100  000096  000196       100       1  BANK1   
                text78                         005224  0003E6  00560A      2912       0  CODE    
                mediumconst                    00FC32  0003CE  010000      7E19       0  MEDIUMCO
                idloc                          200000  000008  200008    200000       0  IDLOC   
                config                         300000  00000E  30000E    300000       0  CONFIG  


UNUSED ADDRESS RANGES

        Name                Unused          Largest block    Delta
        BANK0            0000F4-0000FF                C
        BANK1            000196-0001FF               6A
        BANK10           000A00-000AFF              100
        BANK11           000B00-000BFF              100
        BANK12           000C00-000CFF              100
        BANK13           000D00-000DFF              100
        BANK14           000E00-000EFF              100
        BANK15           000F00-000F7F               80
        BANK2            000200-0002FF              100
        BANK3            000300-0003FF              100
        BANK4            000400-0004FF              100
        BANK5            000500-0005FF              100
        BANK6            000600-0006FF              100
        BANK7            000700-0007FF              100
        BANK8            000800-0008FF              100
        BANK9            000900-0009FF              100
        BIGRAM           000070-00007F               10
                         0000F4-0000FF                C
                         000196-000F7F              DEA
        CODE             000004-000007                4
                         005223-005223                1
                         00560A-00FC31             A628
        COMRAM           000070-00007F               10
        CONST            000004-000007                4
                         005223-005223                1
                         00560A-00FC31             A628
        EEDATA           F00000-F003FF              400
        MEDIUMCONST      005223-005223                1
                         00560A-00FC31             A628
        RAM              0000F4-0000FF                C
                         000196-000F7F              100
        SFR              000F80-000FFF               80
        SMALLCONST       005223-005223                1
                         00560A-00FC31              100
        STACK            000196-000F7F              DEA

                                  Symbol Table

?_DS1621_Read_Temp                            cstackCOMRAM 000014
?___awdiv                                     cstackCOMRAM 000017
?___awmod                                     cstackCOMRAM 00003D
?___awtoft                                    cstackCOMRAM 000019
?___ftadd                                     cstackCOMRAM 00004D
?___ftdiv                                     cstackCOMRAM 00002E
?___ftmul                                     cstackCOMRAM 00001F
?___ftneg                                     cstackCOMRAM 000011
?___ftpack                                    cstackCOMRAM 000011
?___ftsub                                     cstackCOMRAM 000059
?___fttol                                     cstackCOMRAM 00002E
?___lbtoft                                    cstackCOMRAM 000019
?___lldiv                                     cstackCOMRAM 000011
?___llmod                                     cstackCOMRAM 00001E
?___lltoft                                    cstackCOMRAM 000019
?___wmul                                      cstackCOMRAM 000011
?__div_to_l_                                  cstackCOMRAM 000011
?__tdiv_to_l_                                 cstackCOMRAM 000011
?_dec_2_bcd                                   cstackCOMRAM 000043
?_fround                                      cstackCOMRAM 000043
?_get_RPM                                     cstackCOMRAM 00001F
?_get_duty_cycle                              cstackCOMRAM 000059
?_get_full_ADC                                cstackCOMRAM 000011
?_printf                                      cstackBANK0  0000D9
?_read_volt                                   cstackCOMRAM 00003D
?_scale                                       cstackCOMRAM 000043
?_strlen                                      cstackCOMRAM 000011
DS1621_Init@Device                            cstackCOMRAM 000016
DS1621_Read_Temp@Cmd                          cstackCOMRAM 000016
DS1621_Read_Temp@Data_Ret                     cstackCOMRAM 000017
DS1621_Read_Temp@Device                       cstackCOMRAM 000018
DS3231_Init@Address_7                         cstackCOMRAM 000017
DS3231_Init@Address_E                         cstackCOMRAM 000018
DS3231_Init@Device                            cstackCOMRAM 00001A
DS3231_Init@control_E                         cstackCOMRAM 000019
DS3231_Read_Alarm_Time@Address                cstackCOMRAM 000014
DS3231_Read_Alarm_Time@Device                 cstackCOMRAM 000015
DS3231_Read_Time@Address                      cstackCOMRAM 000014
DS3231_Read_Time@Device                       cstackCOMRAM 000015
DS3231_Setup_Time@Address                     cstackCOMRAM 000014
DS3231_Setup_Time@Device                      cstackCOMRAM 000013
DS3231_Turn_Off_Alarm@Address_E               cstackCOMRAM 00001B
DS3231_Turn_Off_Alarm@Address_F               cstackCOMRAM 00001C
DS3231_Turn_Off_Alarm@Device                  cstackCOMRAM 00001F
DS3231_Turn_Off_Alarm@control_E               cstackCOMRAM 00001D
DS3231_Turn_Off_Alarm@control_F               cstackCOMRAM 00001E
DS3231_Turn_On_Alarm@Address_E                cstackCOMRAM 00001B
DS3231_Turn_On_Alarm@Address_F                cstackCOMRAM 00001C
DS3231_Turn_On_Alarm@Device                   cstackCOMRAM 00001F
DS3231_Turn_On_Alarm@control_E                cstackCOMRAM 00001D
DS3231_Turn_On_Alarm@control_F                cstackCOMRAM 00001E
DS3231_Write_Alarm_Time@Address               cstackCOMRAM 00004B
DS3231_Write_Alarm_Time@Device                cstackCOMRAM 00004A
DS3231_Write_Time@Address                     cstackCOMRAM 00004B
DS3231_Write_Time@Device                      cstackCOMRAM 00004A
I2C_Init@c                                    cstackCOMRAM 000011
I2C_Read@ack                                  cstackCOMRAM 000011
I2C_Read@inByte                               cstackCOMRAM 000013
I2C_Read@n                                    cstackCOMRAM 000012
I2C_Write@n                                   cstackCOMRAM 000012
I2C_Write@outByte                             cstackCOMRAM 000011
I2C_Write_Address_Read_One_Byte@Address       cstackCOMRAM 000014
I2C_Write_Address_Read_One_Byte@Data_Ret      cstackCOMRAM 000015
I2C_Write_Address_Read_One_Byte@Device        cstackCOMRAM 000016
I2C_Write_Address_Write_One_Byte@Address      cstackCOMRAM 000013
I2C_Write_Address_Write_One_Byte@Data_Out     cstackCOMRAM 000014
I2C_Write_Address_Write_One_Byte@Device       cstackCOMRAM 000015
I2C_Write_Cmd_Only@Cmd                        cstackCOMRAM 000013
I2C_Write_Cmd_Only@Device                     cstackCOMRAM 000014
I2C_Write_Cmd_Write_Data@Cmd                  cstackCOMRAM 000013
I2C_Write_Cmd_Write_Data@Data_Out             cstackCOMRAM 000014
I2C_Write_Cmd_Write_Data@Device               cstackCOMRAM 000015
OpenUSART@config                              cstackCOMRAM 000013
OpenUSART@spbrg                               cstackCOMRAM 000011
Set_ADCON0@ch                                 cstackCOMRAM 000011
Set_RGB_Color@color                           cstackCOMRAM 000011
Set_RPM_RGB@color                             cstackCOMRAM 000021
Set_RPM_RGB@rpm                               cstackCOMRAM 00001F
Update_Screen@neg_tempF                       cstackCOMRAM 00004C
Update_Setup_Fan_Screen@dc_char1              cstackCOMRAM 00004A
Update_Setup_Fan_Screen@dc_char2              cstackCOMRAM 00004B
Update_Setup_Fan_Screen@dc_char3              cstackCOMRAM 00004C
Update_Setup_Screen_Cursor_Backward@field     cstackCOMRAM 00002E
Update_Setup_Screen_Cursor_Backward@xinc      cstackCOMRAM 000030
Update_Setup_Screen_Cursor_Backward@yinc      cstackCOMRAM 00002F
Update_Setup_Screen_Cursor_Forward@field      cstackCOMRAM 00002E
Update_Setup_Screen_Cursor_Forward@xinc       cstackCOMRAM 000030
Update_Setup_Screen_Cursor_Forward@yinc       cstackCOMRAM 00002F
Wait_One_Sec@k                                cstackCOMRAM 000011
_ADCON0                                       (abs)        000FC2
_ADCON0bits                                   (abs)        000FC2
_ADCON1                                       (abs)        000FC1
_ADCON2                                       (abs)        000FC0
_ADRESH                                       (abs)        000FC4
_ADRESL                                       (abs)        000FC3
_ALARMEN                                      bssBANK0     000087
_Activate_Buzzer                              text39       00547C
_Activate_Buzzer_2KHz                         text65       0054A0
_Activate_Buzzer_500Hz                        text72       0054B2
_Alarm_SW_Txt                                 dataBANK0    0000C3
_CCP1CON                                      (abs)        000FBD
_CCP2CON                                      (abs)        000FBA
_CCPR1L                                       (abs)        000FBE
_CCPR2L                                       (abs)        000FBB
_DC_Txt                                       dataBANK0    0000C7
_DS1621_Init                                  text112      005326
_DS1621_Read_Temp                             text116      004FFA
_DS1621_tempC                                 bssBANK0     000089
_DS1621_tempF                                 bssBANK0     00008B
_DS3231_Init                                  text8        004026
_DS3231_Read_Alarm_Time                       text63       004D5A
_DS3231_Read_Time                             text62       004900
_DS3231_Setup_Time                            text115      004896
_DS3231_Turn_Off_Alarm                        text7        004CB6
_DS3231_Turn_On_Alarm                         text6        004C64
_DS3231_Write_Alarm_Time                      text60       00473A
_DS3231_Write_Time                            text34       0042D6
_Deactivate_Buzzer                            text71       0055EC
_Decrease_Alarm_Time                          text73       004AF4
_Decrease_Fan_Temp                            text21       005396
_Decrease_Time                                text35       002CEC
_Do_Beep_Bad                                  text66       0053CA
_Do_Beep_Good                                 text64       0053B0
_Do_Init                                      text105      004966
_Do_Save_New_Alarm_Time                       text48       0053FE
_Do_Save_New_Fan_Temp                         text20       00542C
_Do_Save_New_Time                             text33       005440
_Do_Setup_Alarm_Time                          text37       003588
_Do_Setup_Time                                text27       003264
_Exit_Setup_Alarm_Time                        text47       00551A
_Exit_Setup_Fan_Temp                          text19       0054FA
_Exit_Time_Setup                              text32       00550A
_FAN                                          bssBANK0     00009B
_Fan_SW_Txt                                   dataBANK0    0000CB
_Fan_Set_Temp_Txt                             dataBANK0    0000B9
_Go_Next_Alarm_Field                          text45       0052C6
_Go_Next_Field                                text31       005286
_Go_Prev_Alarm_Field                          text43       0052A6
_Go_Prev_Field                                text30       005266
_I2C_Init                                     text111      0055B0
_I2C_ReStart                                  text123      005416
_I2C_Read                                     text120      004E3A
_I2C_Start                                    text119      0054D6
_I2C_Stop                                     text118      0054C4
_I2C_Write                                    text117      004F80
_I2C_Write_Address_Read_One_Byte              text10       005036
_I2C_Write_Address_Write_One_Byte             text9        005246
_I2C_Write_Cmd_Only                           text114      0053E4
_I2C_Write_Cmd_Write_Data                     text113      005306
_INT0_ISR                                     text132      002876
_INT1_ISR                                     text131      0055D8
_INT1_flag                                    bssBANK0     00009C
_INT2_ISR                                     text130      0055CE
_INT2_flag                                    bssBANK0     00009D
_INTCON2bits                                  (abs)        000FF1
_INTCON3bits                                  (abs)        000FF0
_INTCONbits                                   (abs)        000FF2
_In_Alarm_Time_Setup                          bssBANK0     00009E
_In_Fan_Temp_Setup                            bssBANK0     00009F
_In_Time_Setup                                bssBANK0     0000A0
_Increase_Alarm_Time                          text42       004A92
_Increase_Fan_Temp                            text18       00537C
_Increase_Time                                text29       002F2C
_Init_ADC                                     text110      005558
_Initialize_Screen                            text49       001664
_Initialize_Setup_Alarm_Time_Screen           text41       003DCE
_Initialize_Setup_Fan_Screen                  text17       00377A
_Initialize_Setup_Time_Screen                 text28       003372
_LCD_Reset                                    text58       00548E
_MATCHED                                      bssBANK0     00008D
_Monitor_Fan                                  text25       005194
_Nec_Button                                   bssBANK0     0000A1
_Nec_State                                    bssBANK0     0000A2
_Nec_code                                     bssBANK0     000080
_Nec_state                                    bssBANK0     0000A3
_OSCCON                                       (abs)        000FD3
_OpenUSART                                    text107      004826
_PIE1bits                                     (abs)        000F9D
_PIR1bits                                     (abs)        000F9E
_PORTAbits                                    (abs)        000F80
_PORTBbits                                    (abs)        000F81
_PORTCbits                                    (abs)        000F82
_PORTD                                        (abs)        000F83
_PORTDbits                                    (abs)        000F83
_PORTE                                        (abs)        000F84
_PR2                                          (abs)        000FCB
_RBPU                                         (abs)        007F8F
_RCSTA                                        (abs)        000FAB
_RCSTAbits                                    (abs)        000FAB
_RPM_Txt                                      dataBANK0    0000BE
_RTC_ALARM_Txt                                dataBANK0    0000D7
_Rcmd1                                        text57       003044
_Rcmd2red                                     text56       004F04
_Rcmd3                                        text55       00386C
_Reset_Nec_State                              text133      0055E2
_SPBRG                                        (abs)        000FAF
_SPBRGH                                       (abs)        000FB0
_SSPBUF                                       (abs)        000FC9
_SSPCON1                                      (abs)        000FC6
_SSPSTAT                                      (abs)        000FC7
_SSPSTATbits                                  (abs)        000FC7
_Select_Alarm_Field                           bssBANK0     0000A4
_Select_Fan_Temp_Field                        bssBANK0     0000A5
_Select_Field                                 bssBANK0     0000A6
_Set_ADCON0                                   text24       005580
_Set_RGB_Color                                text5        005574
_Set_RPM_RGB                                  text23       004DA6
_Setup_Temp_Fan                               text16       004194
_T0CON                                        (abs)        000FD5
_T0CONbits                                    (abs)        000FD5
_T1CON                                        (abs)        000FCD
_T1CONbits                                    (abs)        000FCD
_T2CON                                        (abs)        000FCA
_T3CON                                        (abs)        000FB1
_TFT_GreenTab_Initialize                      text54       0050CA
_TIMER1_ISR                                   text129      005566
_TMR0H                                        (abs)        000FD7
_TMR0L                                        (abs)        000FD6
_TMR1H                                        (abs)        000FCF
_TMR1L                                        (abs)        000FCE
_TMR3L                                        (abs)        000FB2
_TRISA                                        (abs)        000F92
_TRISB                                        (abs)        000F93
_TRISBbits                                    (abs)        000F93
_TRISC                                        (abs)        000F94
_TRISCbits                                    (abs)        000F94
_TRISD                                        (abs)        000F95
_TRISE                                        (abs)        000F96
_TRMT                                         (abs)        007D61
_TXREG                                        (abs)        000FAD
_TXSTA                                        (abs)        000FAC
_TXSTAbits                                    (abs)        000FAC
_Time_Elapsed                                 bssCOMRAM    000060
_Toggle_Fan                                   text15       005344
_Toggle_Fan_Monitor                           text14       005604
_Turn_Off_Fan                                 text109      005598
_Turn_On_Fan                                  text26       00558C
_Update_Screen                                text13       000C60
_Update_Setup_Alarm_Time_Screen               text74       00395E
_Update_Setup_Fan_Screen                      text22       004240
_Update_Setup_Screen_Cursor_Backward          text44       002514
_Update_Setup_Screen_Cursor_Forward           text46       00235A
_Update_Setup_Time_Screen                     text36       002A12
_Volt_Txt                                     dataBANK1    000171
_Wait_One_Sec                                 text70       0052E6
__CFG_BOREN$OFF                               (abs)        000000
__CFG_LVP$OFF                                 (abs)        000000
__CFG_OSC$INTIO67                             (abs)        000000
__CFG_WDT$OFF                                 (abs)        000000
__HRAM                                        (abs)        000000
__Habs1                                       abs1         000000
__Hbank0                                      bank0        000000
__Hbank1                                      bank1        000000
__Hbank10                                     bank10       000000
__Hbank11                                     bank11       000000
__Hbank12                                     bank12       000000
__Hbank13                                     bank13       000000
__Hbank14                                     bank14       000000
__Hbank15                                     bank15       000000
__Hbank2                                      bank2        000000
__Hbank3                                      bank3        000000
__Hbank4                                      bank4        000000
__Hbank5                                      bank5        000000
__Hbank6                                      bank6        000000
__Hbank7                                      bank7        000000
__Hbank8                                      bank8        000000
__Hbank9                                      bank9        000000
__Hbigbss                                     bigbss       000000
__Hbigdata                                    bigdata      000000
__Hbigram                                     bigram       000000
__Hbss                                        bss          000000
__HbssBANK0                                   bssBANK0     000000
__HbssCOMRAM                                  bssCOMRAM    000000
__Hcinit                                      cinit        000000
__Hclrtext                                    clrtext      000000
__Hcomram                                     comram       000000
__Hconfig                                     config       30000E
__Hconst                                      const        000000
__HcstackBANK0                                cstackBANK0  000000
__HcstackBANK1                                cstackBANK1  000000
__HcstackCOMRAM                               cstackCOMRAM 000000
__Hdata                                       data         000000
__HdataBANK0                                  dataBANK0    000000
__HdataBANK1                                  dataBANK1    000000
__Heeprom_data                                eeprom_data  000000
__Hend_init                                   end_init     00001C
__Hfarbss                                     farbss       000000
__Hfardata                                    fardata      000000
__Hibigdata                                   ibigdata     000000
__Hidata                                      idata        000000
__HidataBANK0                                 idataBANK0   000000
__HidataBANK1                                 idataBANK1   000000
__Hidloc                                      idloc        200008
__Hifardata                                   ifardata     000000
__Hinit                                       init         000018
__Hintcode                                    intcode      000018
__Hintcode_body                               intcode_body 000000
__Hintcodelo                                  intcodelo    000018
__Hintentry                                   intentry     000000
__Hintret                                     intret       000000
__Hintsave_regs                               intsave_regs 000000
__Hirdata                                     irdata       000000
__Hmediumconst                                mediumconst  010000
__HnvFARRAM                                   nvFARRAM     000000
__Hnvbit                                      nvbit        000000
__Hnvrram                                     nvrram       000000
__Hparam                                      rparam       000000
__Hpowerup                                    powerup      000018
__Hram                                        ram          000000
__Hramtop                                     ramtop       001000
__Hrbit                                       rbit         000000
__Hrbss                                       rbss         000000
__Hrdata                                      rdata        000000
__Hreset_vec                                  reset_vec    000004
__Hrparam                                     rparam       000000
__Hsfr                                        sfr          000000
__Hsmallconst                                 smallconst   000000
__Hspace_0                                    (abs)        30000E
__Hspace_1                                    (abs)        000196
__Hspace_2                                    (abs)        000000
__Hstack                                      stack        000000
__Hstruct                                     struct       000000
__Htemp                                       temp         000000
__Htext                                       text         000000
__Htext0                                      text0        000000
__Htext1                                      text1        000000
__Htext10                                     text10       000000
__Htext100                                    text100      000000
__Htext101                                    text101      000000
__Htext102                                    text102      000000
__Htext103                                    text103      000000
__Htext104                                    text104      000000
__Htext105                                    text105      000000
__Htext106                                    text106      000000
__Htext107                                    text107      000000
__Htext108                                    text108      000000
__Htext109                                    text109      000000
__Htext11                                     text11       000000
__Htext110                                    text110      000000
__Htext111                                    text111      000000
__Htext112                                    text112      000000
__Htext113                                    text113      000000
__Htext114                                    text114      000000
__Htext115                                    text115      000000
__Htext116                                    text116      000000
__Htext117                                    text117      000000
__Htext118                                    text118      000000
__Htext119                                    text119      000000
__Htext12                                     text12       000000
__Htext120                                    text120      000000
__Htext121                                    text121      000000
__Htext122                                    text122      000000
__Htext123                                    text123      000000
__Htext124                                    text124      000000
__Htext125                                    text125      000000
__Htext126                                    text126      000000
__Htext127                                    text127      000000
__Htext129                                    text129      000000
__Htext13                                     text13       000000
__Htext130                                    text130      000000
__Htext131                                    text131      000000
__Htext132                                    text132      000000
__Htext133                                    text133      000000
__Htext14                                     text14       000000
__Htext15                                     text15       000000
__Htext16                                     text16       000000
__Htext17                                     text17       000000
__Htext18                                     text18       000000
__Htext19                                     text19       000000
__Htext2                                      text2        000000
__Htext20                                     text20       000000
__Htext21                                     text21       000000
__Htext22                                     text22       000000
__Htext23                                     text23       000000
__Htext24                                     text24       000000
__Htext25                                     text25       000000
__Htext26                                     text26       000000
__Htext27                                     text27       000000
__Htext28                                     text28       000000
__Htext29                                     text29       000000
__Htext3                                      text3        000000
__Htext30                                     text30       000000
__Htext31                                     text31       000000
__Htext32                                     text32       000000
__Htext33                                     text33       000000
__Htext34                                     text34       000000
__Htext35                                     text35       000000
__Htext36                                     text36       000000
__Htext37                                     text37       000000
__Htext38                                     text38       000000
__Htext39                                     text39       000000
__Htext4                                      text4        000000
__Htext40                                     text40       000000
__Htext41                                     text41       000000
__Htext42                                     text42       000000
__Htext43                                     text43       000000
__Htext44                                     text44       000000
__Htext45                                     text45       000000
__Htext46                                     text46       000000
__Htext47                                     text47       000000
__Htext48                                     text48       000000
__Htext49                                     text49       000000
__Htext5                                      text5        000000
__Htext50                                     text50       000000
__Htext51                                     text51       000000
__Htext52                                     text52       000000
__Htext53                                     text53       000000
__Htext54                                     text54       000000
__Htext55                                     text55       000000
__Htext56                                     text56       000000
__Htext57                                     text57       000000
__Htext58                                     text58       000000
__Htext59                                     text59       000000
__Htext6                                      text6        000000
__Htext60                                     text60       000000
__Htext61                                     text61       000000
__Htext62                                     text62       000000
__Htext63                                     text63       000000
__Htext64                                     text64       000000
__Htext65                                     text65       000000
__Htext66                                     text66       000000
__Htext67                                     text67       000000
__Htext68                                     text68       000000
__Htext69                                     text69       000000
__Htext7                                      text7        000000
__Htext70                                     text70       000000
__Htext71                                     text71       000000
__Htext72                                     text72       000000
__Htext73                                     text73       000000
__Htext74                                     text74       000000
__Htext75                                     text75       000000
__Htext76                                     text76       000000
__Htext77                                     text77       000000
__Htext78                                     text78       000000
__Htext79                                     text79       000000
__Htext8                                      text8        000000
__Htext80                                     text80       000000
__Htext81                                     text81       000000
__Htext82                                     text82       000000
__Htext83                                     text83       000000
__Htext84                                     text84       000000
__Htext85                                     text85       000000
__Htext86                                     text86       000000
__Htext87                                     text87       000000
__Htext88                                     text88       000000
__Htext89                                     text89       000000
__Htext9                                      text9        000000
__Htext90                                     text90       000000
__Htext91                                     text91       000000
__Htext92                                     text92       000000
__Htext93                                     text93       000000
__Htext94                                     text94       000000
__Htext95                                     text95       000000
__Htext96                                     text96       000000
__Htext97                                     text97       000000
__Htext98                                     text98       000000
__Htext99                                     text99       000000
__LRAM                                        (abs)        000001
__Labs1                                       abs1         000000
__Lbank0                                      bank0        000000
__Lbank1                                      bank1        000000
__Lbank10                                     bank10       000000
__Lbank11                                     bank11       000000
__Lbank12                                     bank12       000000
__Lbank13                                     bank13       000000
__Lbank14                                     bank14       000000
__Lbank15                                     bank15       000000
__Lbank2                                      bank2        000000
__Lbank3                                      bank3        000000
__Lbank4                                      bank4        000000
__Lbank5                                      bank5        000000
__Lbank6                                      bank6        000000
__Lbank7                                      bank7        000000
__Lbank8                                      bank8        000000
__Lbank9                                      bank9        000000
__Lbigbss                                     bigbss       000000
__Lbigdata                                    bigdata      000000
__Lbigram                                     bigram       000000
__Lbss                                        bss          000000
__LbssBANK0                                   bssBANK0     000000
__LbssCOMRAM                                  bssCOMRAM    000000
__Lcinit                                      cinit        000000
__Lclrtext                                    clrtext      000000
__Lcomram                                     comram       000000
__Lconfig                                     config       300000
__Lconst                                      const        000000
__LcstackBANK0                                cstackBANK0  000000
__LcstackBANK1                                cstackBANK1  000000
__LcstackCOMRAM                               cstackCOMRAM 000000
__Ldata                                       data         000000
__LdataBANK0                                  dataBANK0    000000
__LdataBANK1                                  dataBANK1    000000
__Leeprom_data                                eeprom_data  000000
__Lend_init                                   end_init     000018
__Lfarbss                                     farbss       000000
__Lfardata                                    fardata      000000
__Libigdata                                   ibigdata     000000
__Lidata                                      idata        000000
__LidataBANK0                                 idataBANK0   000000
__LidataBANK1                                 idataBANK1   000000
__Lidloc                                      idloc        200000
__Lifardata                                   ifardata     000000
__Linit                                       init         000018
__Lintcode                                    intcode      000008
__Lintcode_body                               intcode_body 000000
__Lintcodelo                                  intcodelo    000018
__Lintentry                                   intentry     000000
__Lintret                                     intret       000000
__Lintsave_regs                               intsave_regs 000000
__Lirdata                                     irdata       000000
__Lmediumconst                                mediumconst  00FC32
__LnvFARRAM                                   nvFARRAM     000000
__Lnvbit                                      nvbit        000000
__Lnvrram                                     nvrram       000000
__Lparam                                      rparam       000000
__Lpowerup                                    powerup      000018
__Lram                                        ram          000000
__Lramtop                                     ramtop       001000
__Lrbit                                       rbit         000000
__Lrbss                                       rbss         000000
__Lrdata                                      rdata        000000
__Lreset_vec                                  reset_vec    000000
__Lrparam                                     rparam       000000
__Lsfr                                        sfr          000000
__Lsmallconst                                 smallconst   000000
__Lspace_0                                    (abs)        000000
__Lspace_1                                    (abs)        000000
__Lspace_2                                    (abs)        000000
__Lstack                                      stack        000000
__Lstruct                                     struct       000000
__Ltemp                                       temp         000000
__Ltext                                       text         000000
__Ltext0                                      text0        000000
__Ltext1                                      text1        000000
__Ltext10                                     text10       000000
__Ltext100                                    text100      000000
__Ltext101                                    text101      000000
__Ltext102                                    text102      000000
__Ltext103                                    text103      000000
__Ltext104                                    text104      000000
__Ltext105                                    text105      000000
__Ltext106                                    text106      000000
__Ltext107                                    text107      000000
__Ltext108                                    text108      000000
__Ltext109                                    text109      000000
__Ltext11                                     text11       000000
__Ltext110                                    text110      000000
__Ltext111                                    text111      000000
__Ltext112                                    text112      000000
__Ltext113                                    text113      000000
__Ltext114                                    text114      000000
__Ltext115                                    text115      000000
__Ltext116                                    text116      000000
__Ltext117                                    text117      000000
__Ltext118                                    text118      000000
__Ltext119                                    text119      000000
__Ltext12                                     text12       000000
__Ltext120                                    text120      000000
__Ltext121                                    text121      000000
__Ltext122                                    text122      000000
__Ltext123                                    text123      000000
__Ltext124                                    text124      000000
__Ltext125                                    text125      000000
__Ltext126                                    text126      000000
__Ltext127                                    text127      000000
__Ltext129                                    text129      000000
__Ltext13                                     text13       000000
__Ltext130                                    text130      000000
__Ltext131                                    text131      000000
__Ltext132                                    text132      000000
__Ltext133                                    text133      000000
__Ltext14                                     text14       000000
__Ltext15                                     text15       000000
__Ltext16                                     text16       000000
__Ltext17                                     text17       000000
__Ltext18                                     text18       000000
__Ltext19                                     text19       000000
__Ltext2                                      text2        000000
__Ltext20                                     text20       000000
__Ltext21                                     text21       000000
__Ltext22                                     text22       000000
__Ltext23                                     text23       000000
__Ltext24                                     text24       000000
__Ltext25                                     text25       000000
__Ltext26                                     text26       000000
__Ltext27                                     text27       000000
__Ltext28                                     text28       000000
__Ltext29                                     text29       000000
__Ltext3                                      text3        000000
__Ltext30                                     text30       000000
__Ltext31                                     text31       000000
__Ltext32                                     text32       000000
__Ltext33                                     text33       000000
__Ltext34                                     text34       000000
__Ltext35                                     text35       000000
__Ltext36                                     text36       000000
__Ltext37                                     text37       000000
__Ltext38                                     text38       000000
__Ltext39                                     text39       000000
__Ltext4                                      text4        000000
__Ltext40                                     text40       000000
__Ltext41                                     text41       000000
__Ltext42                                     text42       000000
__Ltext43                                     text43       000000
__Ltext44                                     text44       000000
__Ltext45                                     text45       000000
__Ltext46                                     text46       000000
__Ltext47                                     text47       000000
__Ltext48                                     text48       000000
__Ltext49                                     text49       000000
__Ltext5                                      text5        000000
__Ltext50                                     text50       000000
__Ltext51                                     text51       000000
__Ltext52                                     text52       000000
__Ltext53                                     text53       000000
__Ltext54                                     text54       000000
__Ltext55                                     text55       000000
__Ltext56                                     text56       000000
__Ltext57                                     text57       000000
__Ltext58                                     text58       000000
__Ltext59                                     text59       000000
__Ltext6                                      text6        000000
__Ltext60                                     text60       000000
__Ltext61                                     text61       000000
__Ltext62                                     text62       000000
__Ltext63                                     text63       000000
__Ltext64                                     text64       000000
__Ltext65                                     text65       000000
__Ltext66                                     text66       000000
__Ltext67                                     text67       000000
__Ltext68                                     text68       000000
__Ltext69                                     text69       000000
__Ltext7                                      text7        000000
__Ltext70                                     text70       000000
__Ltext71                                     text71       000000
__Ltext72                                     text72       000000
__Ltext73                                     text73       000000
__Ltext74                                     text74       000000
__Ltext75                                     text75       000000
__Ltext76                                     text76       000000
__Ltext77                                     text77       000000
__Ltext78                                     text78       000000
__Ltext79                                     text79       000000
__Ltext8                                      text8        000000
__Ltext80                                     text80       000000
__Ltext81                                     text81       000000
__Ltext82                                     text82       000000
__Ltext83                                     text83       000000
__Ltext84                                     text84       000000
__Ltext85                                     text85       000000
__Ltext86                                     text86       000000
__Ltext87                                     text87       000000
__Ltext88                                     text88       000000
__Ltext89                                     text89       000000
__Ltext9                                      text9        000000
__Ltext90                                     text90       000000
__Ltext91                                     text91       000000
__Ltext92                                     text92       000000
__Ltext93                                     text93       000000
__Ltext94                                     text94       000000
__Ltext95                                     text95       000000
__Ltext96                                     text96       000000
__Ltext97                                     text97       000000
__Ltext98                                     text98       000000
__Ltext99                                     text99       000000
__S0                                          (abs)        30000E
__S1                                          (abs)        000196
__S2                                          (abs)        000000
___awdiv                                      text82       00436C
___awdiv@counter                              cstackCOMRAM 00001B
___awdiv@dividend                             cstackCOMRAM 000017
___awdiv@divisor                              cstackCOMRAM 000019
___awdiv@quotient                             cstackCOMRAM 00001D
___awdiv@sign                                 cstackCOMRAM 00001C
___awmod                                      text81       00463C
___awmod@counter                              cstackCOMRAM 000041
___awmod@dividend                             cstackCOMRAM 00003D
___awmod@divisor                              cstackCOMRAM 00003F
___awmod@sign                                 cstackCOMRAM 000042
___awtoft                                     text4        004FBE
___awtoft@c                                   cstackCOMRAM 000019
___awtoft@sign                                cstackCOMRAM 00001C
___ftadd                                      text90       002196
___ftadd@exp1                                 cstackCOMRAM 000058
___ftadd@exp2                                 cstackCOMRAM 000057
___ftadd@f1                                   cstackCOMRAM 00004D
___ftadd@f2                                   cstackCOMRAM 000050
___ftadd@sign                                 cstackCOMRAM 000056
___ftdiv                                      text69       003B2E
___ftdiv@cntr                                 cstackCOMRAM 000037
___ftdiv@exp                                  cstackCOMRAM 00003B
___ftdiv@f1                                   cstackCOMRAM 00002E
___ftdiv@f2                                   cstackCOMRAM 000031
___ftdiv@f3                                   cstackCOMRAM 000038
___ftdiv@sign                                 cstackCOMRAM 00003C
___ftge                                       text93       004402
___ftge@ff1                                   cstackCOMRAM 000011
___ftge@ff2                                   cstackCOMRAM 000014
___ftmul                                      text80       003682
___ftmul@cntr                                 cstackCOMRAM 00002C
___ftmul@exp                                  cstackCOMRAM 000028
___ftmul@f1                                   cstackCOMRAM 00001F
___ftmul@f2                                   cstackCOMRAM 000022
___ftmul@f3_as_product                        cstackCOMRAM 000029
___ftmul@sign                                 cstackCOMRAM 00002D
___ftneg                                      text92       0051B8
___ftneg@f1                                   cstackCOMRAM 000011
___ftpack                                     text91       003EA0
___ftpack@arg                                 cstackCOMRAM 000011
___ftpack@exp                                 cstackCOMRAM 000014
___ftpack@sign                                cstackCOMRAM 000015
___ftsub                                      text89       004E82
___ftsub@f1                                   cstackCOMRAM 000059
___ftsub@f2                                   cstackCOMRAM 00005C
___fttol                                      text88       003A48
___fttol@exp1                                 cstackCOMRAM 00003C
___fttol@f1                                   cstackCOMRAM 00002E
___fttol@lval                                 cstackCOMRAM 000038
___fttol@sign1                                cstackCOMRAM 000037
___inthi_sp                                   stack        000000
___intlo_sp                                   stack        000000
___lbtoft                                     text68       00516E
[...]
      Params:         0       0       0       0       0       0       0       0       0       0       0       0       0       0       0       0       0
      Locals:         0       0       0       0       0       0       0       0       0       0       0       0       0       0       0       0       0
      Temps:          0       0       0       0       0       0       0       0       0       0       0       0       0       0       0       0       0
      Totals:         0       0       0       0       0       0       0       0       0       0       0       0       0       0       0       0       0
Total ram usage:        0 bytes
 Hardware stack levels used:    1
 Hardware stack levels required when called:    3
 This function calls:
		Nothing
 This function is called by:
		_I2C_Init
		_I2C_Read
		_I2C_Write
		_i2cNack
		_i2cAck
		_I2C_Start
		_I2C_ReStart
		_I2C_Stop
 This function uses a non-reentrant model


 *************** function _chkisr *****************
 Defined at:
		line 40 in file "Interrupt.c"
 Parameters:    Size  Location     Type
		None
 Auto vars:     Size  Location     Type
		None
 Return value:  Size  Location     Type
		None               void
 Registers used:
		wreg, status,2, status,0, cstack
 Tracked objects:
		On entry : 
		On exit  : 
		Unchanged: 
 Data sizes:     COMRAM   BANK0   BANK1   BANK2   BANK3   BANK4   BANK5   BANK6   BANK7   BANK8   BANK9  BANK10  BANK11  BANK12  BANK13  BANK14  BANK15
      Params:         0       0       0       0       0       0       0       0       0       0       0       0       0       0       0       0       0
      Locals:         0       0       0       0       0       0       0       0       0       0       0       0       0       0       0       0       0
      Temps:         14       0       0       0       0       0       0       0       0       0       0       0       0       0       0       0       0
      Totals:        14       0       0       0       0       0       0       0       0       0       0       0       0       0       0       0       0
Total ram usage:       14 bytes
 Hardware stack levels used:    1
 Hardware stack levels required when called:    2
 This function calls:
		_INT0_ISR
		_INT1_ISR
		_INT2_ISR
		_TIMER1_ISR
 This function is called by:
		Interrupt level 2
 This function uses a non-reentrant model


 *************** function _TIMER1_ISR *****************
 Defined at:
		line 68 in file "Interrupt.c"
 Parameters:    Size  Location     Type
		None
 Auto vars:     Size  Location     Type
		None
 Return value:  Size  Location     Type
		None               void
 Registers used:
		wreg, status,2
 Tracked objects:
		On entry : 
		On exit  : 
		Unchanged: 
 Data sizes:     COMRAM   BANK0   BANK1   BANK2   BANK3   BANK4   BANK5   BANK6   BANK7   BANK8   BANK9  BANK10  BANK11  BANK12  BANK13  BANK14  BANK15
      Params:         0       0       0       0       0       0       0       0       0       0       0       0       0       0       0       0       0
      Locals:         0       0       0       0       0       0       0       0       0       0       0       0       0       0       0       0       0
      Temps:          0       0       0       0       0       0       0       0       0       0       0       0       0       0       0       0       0
      Totals:         0       0       0       0       0       0       0       0       0       0       0       0       0       0       0       0       0
Total ram usage:        0 bytes
 Hardware stack levels used:    1
 This function calls:
		Nothing
 This function is called by:
		_chkisr
 This function uses a non-reentrant model


 *************** function _INT2_ISR *****************
 Defined at:
		line 55 in file "Interrupt.c"
 Parameters:    Size  Location     Type
		None
 Auto vars:     Size  Location     Type
		None
 Return value:  Size  Location     Type
		None               void
 Registers used:
		wreg, status,2
 Tracked objects:
		On entry : 
		On exit  : 
		Unchanged: 
 Data sizes:     COMRAM   BANK0   BANK1   BANK2   BANK3   BANK4   BANK5   BANK6   BANK7   BANK8   BANK9  BANK10  BANK11  BANK12  BANK13  BANK14  BANK15
      Params:         0       0       0       0       0       0       0       0       0       0       0       0       0       0       0       0       0
      Locals:         0       0       0       0       0       0       0       0       0       0       0       0       0       0       0       0       0
      Temps:          0       0       0       0       0       0       0       0       0       0       0       0       0       0       0       0       0
      Totals:         0       0       0       0       0       0       0       0       0       0       0       0       0       0       0       0       0
Total ram usage:        0 bytes
 Hardware stack levels used:    1
 This function calls:
		Nothing
 This function is called by:
		_chkisr
 This function uses a non-reentrant model


 *************** function _INT1_ISR *****************
 Defined at:
		line 49 in file "Interrupt.c"
 Parameters:    Size  Location     Type
		None
 Auto vars:     Size  Location     Type
		None
 Return value:  Size  Location     Type
		None               void
 Registers used:
		wreg, status,2
 Tracked objects:
		On entry : 
		On exit  : 
		Unchanged: 
 Data sizes:     COMRAM   BANK0   BANK1   BANK2   BANK3   BANK4   BANK5   BANK6   BANK7   BANK8   BANK9  BANK10  BANK11  BANK12  BANK13  BANK14  BANK15
      Params:         0       0       0       0       0       0       0       0       0       0       0       0       0       0       0       0       0
      Locals:         0       0       0       0       0       0       0       0       0       0       0       0       0       0       0       0       0
      Temps:          0       0       0       0       0       0       0       0       0       0       0       0       0       0       0       0       0
      Totals:         0       0       0       0       0       0       0       0       0       0       0       0       0       0       0       0       0
Total ram usage:        0 bytes
 Hardware stack levels used:    1
 This function calls:
		Nothing
 This function is called by:
		_chkisr
 This function uses a non-reentrant model


 *************** function _INT0_ISR *****************
 Defined at:
		line 82 in file "Interrupt.c"
 Parameters:    Size  Location     Type
		None
 Auto vars:     Size  Location     Type
		None
 Return value:  Size  Location     Type
		None               void
 Registers used:
		wreg, status,2, status,0, cstack
 Tracked objects:
		On entry : 
		On exit  : 
		Unchanged: 
 Data sizes:     COMRAM   BANK0   BANK1   BANK2   BANK3   BANK4   BANK5   BANK6   BANK7   BANK8   BANK9  BANK10  BANK11  BANK12  BANK13  BANK14  BANK15
      Params:         0       0       0       0       0       0       0       0       0       0       0       0       0       0       0       0       0
      Locals:         0       0       0       0       0       0       0       0       0       0       0       0       0       0       0       0       0
      Temps:          2       0       0       0       0       0       0       0       0       0       0       0       0       0       0       0       0
      Totals:         2       0       0       0       0       0       0       0       0       0       0       0       0       0       0       0       0
Total ram usage:        2 bytes
 Hardware stack levels used:    1
 Hardware stack levels required when called:    1
 This function calls:
		_Reset_Nec_State
 This function is called by:
		_chkisr
 This function uses a non-reentrant model


 *************** function _Reset_Nec_State *****************
 Defined at:
		line 76 in file "Interrupt.c"
 Parameters:    Size  Location     Type
		None
 Auto vars:     Size  Location     Type
		None
 Return value:  Size  Location     Type
		None               void
 Registers used:
		wreg, status,2
 Tracked objects:
		On entry : 
		On exit  : 
		Unchanged: 
 Data sizes:     COMRAM   BANK0   BANK1   BANK2   BANK3   BANK4   BANK5   BANK6   BANK7   BANK8   BANK9  BANK10  BANK11  BANK12  BANK13  BANK14  BANK15
      Params:         0       0       0       0       0       0       0       0       0       0       0       0       0       0       0       0       0
      Locals:         0       0       0       0       0       0       0       0       0       0       0       0       0       0       0       0       0
      Temps:          0       0       0       0       0       0       0       0       0       0       0       0       0       0       0       0       0
      Totals:         0       0       0       0       0       0       0       0       0       0       0       0       0       0       0       0       0
Total ram usage:        0 bytes
 Hardware stack levels used:    1
 This function calls:
		Nothing
 This function is called by:
		_INT0_ISR
 This function uses a non-reentrant model



MODULE INFORMATION

Module		Function		Class		Link	Load	Size
I2C_Soft.c
		_I2C_Write_Addr		CODE           	5036	0000	51
		_i2cLowSda     		CODE           	55C4	0000	11
		_i2cLowScl     		CODE           	55F4	0000	9
		_I2C_Write_Cmd_		CODE           	53E4	0000	27
		_I2C_Write     		CODE           	4F80	0000	63
		_I2C_Write_Cmd_		CODE           	5306	0000	33
		_I2C_Stop      		CODE           	54C4	0000	19
		_I2C_Read      		CODE           	4E3A	0000	73
		_i2cNack       		CODE           	55BA	0000	11
		_I2C_Init      		CODE           	55B0	0000	11
		_i2cHighSda    		CODE           	55FC	0000	9
		_i2cHighScl    		CODE           	55A4	0000	13
		_I2C_Start     		CODE           	54D6	0000	19
		_i2cAck        		CODE           	54E8	0000	19
		_I2C_Write_Addr		CODE           	5246	0000	33
		_I2C_ReStart   		CODE           	5416	0000	23

I2C_Soft.c estimated size: 424

C:\Program Files (x86)\Microchip\xc8\v1.34\sources\common\ftge.c
		___ftge        		CODE           	4402	0000	151

C:\Program Files (x86)\Microchip\xc8\v1.34\sources\common\ftge.c estimated size: 151

Main_S4.c
		_putch         		CODE           	554A	0000	15
		_main          		CODE           	19E4	0000	745
		_init_UART     		CODE           	5468	0000	21
		_Do_Init       		CODE           	4966	0000	103
		_test_alarm    		CODE           	2E10	0000	285

Main_S4.c estimated size: 1169

C:\Program Files (x86)\Microchip\xc8\v1.34\sources\common\ftdivl.c
		__tdiv_to_l_   		CODE           	3154	0000	273

C:\Program Files (x86)\Microchip\xc8\v1.34\sources\common\ftdivl.c estimated size: 273

C:\Program Files (x86)\Microchip\xc8\v1.34\sources\common\ftneg.c
		___ftneg       		CODE           	51B8	0000	37

C:\Program Files (x86)\Microchip\xc8\v1.34\sources\common\ftneg.c estimated size: 37

C:\Program Files (x86)\Microchip\xc8\v1.34\sources\common\fldivl.c
		__div_to_l_    		CODE           	347E	0000	267

C:\Program Files (x86)\Microchip\xc8\v1.34\sources\common\fldivl.c estimated size: 267

C:\Program Files (x86)\Microchip\xc8\v1.34\sources\common\ftsub.c
		___ftsub       		CODE           	4E82	0000	69

C:\Program Files (x86)\Microchip\xc8\v1.34\sources\common\ftsub.c estimated size: 69

C:\Program Files (x86)\Microchip\xc8\v1.34\sources\common\float.c
		___ftpack      		CODE           	3EA0	0000	199

C:\Program Files (x86)\Microchip\xc8\v1.34\sources\common\float.c estimated size: 199

C:\Program Files (x86)\Microchip\xc8\v1.34\sources\pic18\plib\USART\uopen.c
		_OpenUSART     		CODE           	4826	0000	113

C:\Program Files (x86)\Microchip\xc8\v1.34\sources\pic18\plib\USART\uopen.c estimated size: 113

Setup_Fan_Temp.c
		_get_duty_cycle		CODE           	1CCC	0000	647
		_Setup_Temp_Fan		CODE           	4194	0000	173
		_Decrease_Fan_T		CODE           	5396	0000	27
		_Increase_Fan_T		CODE           	537C	0000	27
		_Exit_Setup_Fan		CODE           	54FA	0000	17
		_Do_Save_New_Fa		CODE           	542C	0000	21
		_Update_Setup_F		CODE           	4240	0000	151
		_Initialize_Set		CODE           	377A	0000	243

Setup_Fan_Temp.c estimated size: 1306

C:\Program Files (x86)\Microchip\xc8\v1.34\sources\common\awmod.c
		___awmod       		CODE           	463C	0000	131

C:\Program Files (x86)\Microchip\xc8\v1.34\sources\common\awmod.c estimated size: 131

Fan_Support.c
		_Turn_On_Fan   		CODE           	558C	0000	13
		_get_RPM       		CODE           	4EC6	0000	63
		_Toggle_Fan_Mon		CODE           	5604	0000	7
		_Toggle_Fan    		CODE           	5344	0000	29
		_Turn_Off_Fan  		CODE           	5598	0000	13
		_Monitor_Fan   		CODE           	5194	0000	37
		_Set_RPM_RGB   		CODE           	4DA6	0000	75

Fan_Support.c estimated size: 237

I2C_Support.c
		_DS3231_Write_A		CODE           	473A	0000	125
		_DS3231_Init   		CODE           	4026	0000	185
		_DS3231_Read_Ti		CODE           	4900	0000	103
		_DS1621_Init   		CODE           	5326	0000	31
		_DS3231_Write_T		CODE           	42D6	0000	151
		_DS3231_Setup_T		CODE           	4896	0000	107
		_DS1621_Read_Te		CODE           	4FFA	0000	61
		_DS3231_Turn_On		CODE           	4C64	0000	83
		_DS3231_Read_Al		CODE           	4D5A	0000	77
		_DS3231_Turn_Of		CODE           	4CB6	0000	83

I2C_Support.c estimated size: 1006

ST7735_TFT.c
		_drawChar      		CODE           	2B96	0000	343
		_drawCircle    		CODE           	26C8	0000	431
		_fillScreen    		CODE           	5360	0000	29
		_Rcmd3         		CODE           	386C	0000	243
		_write_data    		CODE           	552A	0000	17
		_setAddrWindow 		CODE           	4C0E	0000	87
		_drawtext      		CODE           	3C10	0000	227
		_fillRect      		CODE           	4DF0	0000	75
		_LCD_Reset     		CODE           	548E	0000	19
		_drawPixel     		CODE           	509A	0000	49
		_fillRectangle 		CODE           	3CF2	0000	221
		_write_command 		CODE           	553A	0000	17
		_drawFastVLine 		CODE           	45B4	0000	137
		_Rcmd2red      		CODE           	4F04	0000	63
		_TFT_GreenTab_I		CODE           	50CA	0000	45
		_delay_ms      		CODE           	4D08	0000	83
		_Rcmd1         		CODE           	3044	0000	273
		_spiwrite      		CODE           	5454	0000	21

ST7735_TFT.c estimated size: 2380

C:\Program Files (x86)\Microchip\xc8\v1.34\sources\common\llmod.c
		___llmod       		CODE           	47B6	0000	113

C:\Program Files (x86)\Microchip\xc8\v1.34\sources\common\llmod.c estimated size: 113

C:\Program Files (x86)\Microchip\xc8\v1.34\sources\common\awtoft.c
		___awtoft      		CODE           	4FBE	0000	61

C:\Program Files (x86)\Microchip\xc8\v1.34\sources\common\awtoft.c estimated size: 61

C:\Program Files (x86)\Microchip\xc8\v1.34\sources\common\lbtoft.c
		___lbtoft      		CODE           	516E	0000	39

C:\Program Files (x86)\Microchip\xc8\v1.34\sources\common\lbtoft.c estimated size: 39

Main_Screen.c
		_Update_Screen 		CODE           	0C60	0000	1573
		_Initialize_Scr		CODE           	1664	0000	897

Main_Screen.c estimated size: 2470

C:\Program Files (x86)\Microchip\xc8\v1.34\sources\common\ftmul.c
		___ftmul       		CODE           	3682	0000	249

C:\Program Files (x86)\Microchip\xc8\v1.34\sources\common\ftmul.c estimated size: 249

C:\Program Files (x86)\Microchip\xc8\v1.34\sources\common\isdigit.c
		_isdigit       		CODE           	5224	0000	35

C:\Program Files (x86)\Microchip\xc8\v1.34\sources\common\isdigit.c estimated size: 35

C:\Program Files (x86)\Microchip\xc8\v1.34\sources\common\strlen.c
		_strlen        		CODE           	4F42	0000	63

C:\Program Files (x86)\Microchip\xc8\v1.34\sources\common\strlen.c estimated size: 63

C:\Program Files (x86)\Microchip\xc8\v1.34\sources\common\ftdiv.c
		___ftdiv       		CODE           	3B2E	0000	227

C:\Program Files (x86)\Microchip\xc8\v1.34\sources\common\ftdiv.c estimated size: 227

C:\Program Files (x86)\Microchip\xc8\v1.34\sources\common\lltoft.c
		___lltoft      		CODE           	4B56	0000	97

C:\Program Files (x86)\Microchip\xc8\v1.34\sources\common\lltoft.c estimated size: 97

shared
		__powers_      		MEDIUMCONST    	FE5D	0000	40
		_font          		MEDIUMCONST    	FC33	0000	256
		_dpowers       		MEDIUMCONST    	FE0E	0000	41
		__npowers_     		MEDIUMCONST    	FE36	0000	40
		__initializatio		CODE           	4A30	0000	89
		_hexpowers     		MEDIUMCONST    	FE84	0000	33
		_font2         		MEDIUMCONST    	FD32	0000	221

shared estimated size: 720

Interrupt.c
		_TIMER1_ISR    		CODE           	5566	0000	15
		_init_INTERRUPT		CODE           	51DC	0000	37
		_Reset_Nec_Stat		CODE           	55E2	0000	11
		_INT0_ISR      		CODE           	2876	0000	413
		_INT1_ISR      		CODE           	55D8	0000	11
		_chkisr        		CODE           	0008	0000	161
		_INT2_ISR      		CODE           	55CE	0000	11

Interrupt.c estimated size: 659

Setup_Alarm_Time.c
		_Initialize_Set		CODE           	3DCE	0000	211
		_Go_Next_Alarm_		CODE           	52C6	0000	33
		_Update_Setup_A		CODE           	395E	0000	235
		_Go_Prev_Alarm_		CODE           	52A6	0000	33
		_Exit_Setup_Ala		CODE           	551A	0000	17
		_Do_Save_New_Al		CODE           	53FE	0000	25
		_Decrease_Alarm		CODE           	4AF4	0000	99
		_Increase_Alarm		CODE           	4A92	0000	99
		_Do_Setup_Alarm		CODE           	3588	0000	251

Setup_Alarm_Time.c estimated size: 1003

C:\Program Files (x86)\Microchip\xc8\v1.34\sources\common\strcpy.c
		_strcpy        		CODE           	5068	0000	51

C:\Program Files (x86)\Microchip\xc8\v1.34\sources\common\strcpy.c estimated size: 51

C:\Program Files (x86)\Microchip\xc8\v1.34\sources\common\awdiv.c
		___awdiv       		CODE           	436C	0000	151

C:\Program Files (x86)\Microchip\xc8\v1.34\sources\common\awdiv.c estimated size: 151

utils.c
		_Do_Beep_Bad   		CODE           	53CA	0000	27
		_Do_Beep_Good  		CODE           	53B0	0000	27
		_Init_ADC      		CODE           	5558	0000	15
		_do_update_pwm 		CODE           	40DE	0000	183
		_Activate_Buzze		CODE           	54A0	0000	19
		_Deactivate_Buz		CODE           	55EC	0000	9
		_Activate_Buzze		CODE           	54B2	0000	19
		_check_for_butt		CODE           	3F66	0000	193
		_Set_RGB_Color 		CODE           	5574	0000	13
		_dec_2_bcd     		CODE           	4BB6	0000	89
		_read_volt     		CODE           	49CC	0000	101
		_get_full_ADC  		CODE           	5148	0000	39
		_bcd_2_dec     		CODE           	50F6	0000	43
		_Wait_One_Sec  		CODE           	52E6	0000	33
		_Set_ADCON0    		CODE           	5580	0000	13
		_Activate_Buzze		CODE           	547C	0000	19

utils.c estimated size: 842

C:\Program Files (x86)\Microchip\xc8\v1.34\sources\common\lldiv.c
		___lldiv       		CODE           	4528	0000	141

C:\Program Files (x86)\Microchip\xc8\v1.34\sources\common\lldiv.c estimated size: 141

C:\Program Files (x86)\Microchip\xc8\v1.34\sources\common\doprnt.c
		_scale         		CODE           	1284	0000	993
		_printf        		CODE           	001C	0000	3141
		_fround        		CODE           	1F52	0000	581

C:\Program Files (x86)\Microchip\xc8\v1.34\sources\common\doprnt.c estimated size: 4715

C:\Program Files (x86)\Microchip\xc8\v1.34\sources\common\fttol.c
		___fttol       		CODE           	3A48	0000	231

C:\Program Files (x86)\Microchip\xc8\v1.34\sources\common\fttol.c estimated size: 231

C:\Program Files (x86)\Microchip\xc8\v1.34\sources\common\Umul16.c
		___wmul        		CODE           	5120	0000	41

C:\Program Files (x86)\Microchip\xc8\v1.34\sources\common\Umul16.c estimated size: 41

Setup_Time.c
		_Decrease_Time 		CODE           	2CEC	0000	293
		_Update_Setup_S		CODE           	235A	0000	443
		_Update_Setup_T		CODE           	2A12	0000	389
		_Do_Save_New_Ti		CODE           	5440	0000	21
		_Increase_Time 		CODE           	2F2C	0000	281
		_Do_Setup_Time 		CODE           	3264	0000	271
		_Update_Setup_S		CODE           	2514	0000	437
		_Initialize_Set		CODE           	3372	0000	269
		_Go_Next_Field 		CODE           	5286	0000	33
		_Go_Prev_Field 		CODE           	5266	0000	33
		_Exit_Time_Setu		CODE           	550A	0000	17

Setup_Time.c estimated size: 2487

C:\Program Files (x86)\Microchip\xc8\v1.34\sources\common\ftadd.c
		___ftadd       		CODE           	2196	0000	453

C:\Program Files (x86)\Microchip\xc8\v1.34\sources\common\ftadd.c estimated size: 453

